<html>
<body>
<pre>
<h1>礦ision Build Log</h1>
<h2>Tool Versions:</h2>
IDE-Version: μVision V5.43.1.0
Copyright (C) 2025 ARM Ltd and ARM Germany GmbH. All rights reserved.
License Information: WDL 1927109950@qq.com, WDL, LIC=SDA0P-ME81D-DYUV3-AL42I-RG79A-ZL7DD
 
Tool Versions:
Toolchain:       MDK-ARM Plus  Version: 5.43.0.0
Toolchain Path:  F:\1_Keil\MDK\Core\ARM\ARMCC\Bin
C Compiler:      Armcc.exe V5.06 update 7 (build 960)
Assembler:       Armasm.exe V5.06 update 7 (build 960)
Linker/Locator:  ArmLink.exe V5.06 update 7 (build 960)
Library Manager: ArmAr.exe V5.06 update 7 (build 960)
Hex Converter:   FromElf.exe V5.06 update 7 (build 960)
CPU DLL:         SARMCM3.DLL V5.43.0.0
Dialog DLL:      DCM.DLL V1.17.5.0
Target DLL:      STLink\ST-LINKIII-KEIL_SWO.dll V3.3.1.0
Dialog DLL:      TCM.DLL V1.56.6.0
 
<h2>Project:</h2>
F:\End_Design\Project\未完待续 - 副本\project.uvprojx
Project File Date:  02/03/2026

<h2>Output:</h2>
*** Using Compiler 'V5.06 update 7 (build 960)', folder: 'F:\1_Keil\MDK\Core\ARM\ARMCC\Bin'
Build target 'Target_1'
compiling ui_app_config.c...
compiling setting_about.c...
compiling ui_app_language.c...
my_gui\ui_app_language.c(370): warning:  #1-D: last line of file ends without a newline
  };
my_gui\ui_app_language.c: 1 warning, 0 errors
compiling file_txt.c...
compiling file_img.c...
compiling ui_main.c...
compiling lv_port_indev.c...
compiling ui_app_file.c...
compiling ui_widgets.c...
compiling setting_hotspot.c...
compiling setting_wifi.c...
compiling setting_display.c...
compiling ui_app_setting.c...
compiling ui_app_clock.c...
my_gui\app_clock\ui_app_clock.c(108): warning:  #68-D: integer conversion resulted in a change of sign
      lv_meter_set_scale_range(Clock_time_widget.meter,scale,0,60,360,-90);
my_gui\app_clock\ui_app_clock.c(395): warning:  #188-D: enumerated type mixed with another type
          alarm_clock.save_alarm_clock_table[alarm_clock.save_alarm_num].repeat=lv_dropdown_get_selected(Ringtone_drop);
my_gui\app_clock\ui_app_clock.c(396): warning:  #188-D: enumerated type mixed with another type
          alarm_clock.save_alarm_clock_table[alarm_clock.save_alarm_num].Ringtone=lv_dropdown_get_selected(Repeat_drop);  
my_gui\app_clock\ui_app_clock.c(601): warning:  #1-D: last line of file ends without a newline
  #endif
my_gui\app_clock\ui_app_clock.c(7): warning:  #177-D: function "event_clock_obj_cb"  was declared but never referenced
  static void event_clock_obj_cb(lv_event_t*e);
my_gui\app_clock\ui_app_clock.c(14): warning:  #177-D: function "event_alarm_time_is_on_cb"  was declared but never referenced
  static void event_alarm_time_is_on_cb(lv_event_t*e);
my_gui\app_clock\ui_app_clock.c: 6 warnings, 0 errors
compiling LVGL_Task.c...
compiling main.c...
compiling DX_WF25.c...
linking...
Program Size: Code=234932 RO-data=299504 RW-data=2452 ZI-data=852268  
".\Objects\project.axf" - 0 Error(s), 7 Warning(s).

<h2>Software Packages used:</h2>

Package Vendor: Keil
                https://www.keil.com/pack/Keil.STM32F4xx_DFP.3.1.1.pack
                Keil::STM32F4xx_DFP@3.1.1
                STMicroelectronics STM32F4 Series Device Support

<h2>Collection of Component include folders:</h2>

<h2>Collection of Component Files used:</h2>
Build Time Elapsed:  00:00:06
</pre>
</body>
</html>
